sparsh@sparsh-VivoBook-15-ASUS-Laptop-X507UF:~/Desktop/git$ mkdir Exercise
sparsh@sparsh-VivoBook-15-ASUS-Laptop-X507UF:~/Desktop/git$ cd Exercise/
sparsh@sparsh-VivoBook-15-ASUS-Laptop-X507UF:~/Desktop/git/Exercise$ git init
Initialized empty Git repository in /home/sparsh/Desktop/git/Exercise/.git/
sparsh@sparsh-VivoBook-15-ASUS-Laptop-X507UF:~/Desktop/git/Exercise$ git status
On branch master

No commits yet

nothing to commit (create/copy files and use "git add" to track)
sparsh@sparsh-VivoBook-15-ASUS-Laptop-X507UF:~/Desktop/git/Exercise$ gedit file1.txt
sparsh@sparsh-VivoBook-15-ASUS-Laptop-X507UF:~/Desktop/git/Exercise$ git status
On branch master

No commits yet

Untracked files:
  (use "git add <file>..." to include in what will be committed)
	file1.txt

nothing added to commit but untracked files present (use "git add" to track)
sparsh@sparsh-VivoBook-15-ASUS-Laptop-X507UF:~/Desktop/git/Exercise$ git add .
sparsh@sparsh-VivoBook-15-ASUS-Laptop-X507UF:~/Desktop/git/Exercise$ git commit -m 'Added file 1'
[master (root-commit) caabb24] Added file 1
 1 file changed, 1 insertion(+)
 create mode 100644 file1.txt
sparsh@sparsh-VivoBook-15-ASUS-Laptop-X507UF:~/Desktop/git/Exercise$ git status
On branch master
nothing to commit, working tree clean
sparsh@sparsh-VivoBook-15-ASUS-Laptop-X507UF:~/Desktop/git/Exercise$ gedit file2.txt
sparsh@sparsh-VivoBook-15-ASUS-Laptop-X507UF:~/Desktop/git/Exercise$ git status
On branch master
Untracked files:
  (use "git add <file>..." to include in what will be committed)
	file2.txt

nothing added to commit but untracked files present (use "git add" to track)
sparsh@sparsh-VivoBook-15-ASUS-Laptop-X507UF:~/Desktop/git/Exercise$ git add .
sparsh@sparsh-VivoBook-15-ASUS-Laptop-X507UF:~/Desktop/git/Exercise$ git commit -m 'Added file 2'
[master cfd9078] Added file 2
 1 file changed, 1 insertion(+)
 create mode 100644 file2.txt
sparsh@sparsh-VivoBook-15-ASUS-Laptop-X507UF:~/Desktop/git/Exercise$ git status
On branch master
nothing to commit, working tree clean
sparsh@sparsh-VivoBook-15-ASUS-Laptop-X507UF:~/Desktop/git/Exercise$ gedit file1
sparsh@sparsh-VivoBook-15-ASUS-Laptop-X507UF:~/Desktop/git/Exercise$ ls
file1.txt  file2.txt
sparsh@sparsh-VivoBook-15-ASUS-Laptop-X507UF:~/Desktop/git/Exercise$ gedit file1.txt 
sparsh@sparsh-VivoBook-15-ASUS-Laptop-X507UF:~/Desktop/git/Exercise$ ls
file1.txt  file2.txt
sparsh@sparsh-VivoBook-15-ASUS-Laptop-X507UF:~/Desktop/git/Exercise$ git status
On branch master
Changes not staged for commit:
  (use "git add <file>..." to update what will be committed)
  (use "git restore <file>..." to discard changes in working directory)
	modified:   file1.txt

no changes added to commit (use "git add" and/or "git commit -a")
sparsh@sparsh-VivoBook-15-ASUS-Laptop-X507UF:~/Desktop/git/Exercise$ git add .
sparsh@sparsh-VivoBook-15-ASUS-Laptop-X507UF:~/Desktop/git/Exercise$ git status
On branch master
Changes to be committed:
  (use "git restore --staged <file>..." to unstage)
	modified:   file1.txt

sparsh@sparsh-VivoBook-15-ASUS-Laptop-X507UF:~/Desktop/git/Exercise$ git commit -m 'Changed File 1'
[master 3863e32] Changed File 1
 1 file changed, 1 insertion(+)
sparsh@sparsh-VivoBook-15-ASUS-Laptop-X507UF:~/Desktop/git/Exercise$ git status
On branch master
nothing to commit, working tree clean
sparsh@sparsh-VivoBook-15-ASUS-Laptop-X507UF:~/Desktop/git/Exercise$ touch extra_file_1.txt
sparsh@sparsh-VivoBook-15-ASUS-Laptop-X507UF:~/Desktop/git/Exercise$ gedit extra_file_1.txt 
sparsh@sparsh-VivoBook-15-ASUS-Laptop-X507UF:~/Desktop/git/Exercise$ git status
On branch master
Untracked files:
  (use "git add <file>..." to include in what will be committed)
	extra_file_1.txt

nothing added to commit but untracked files present (use "git add" to track)
sparsh@sparsh-VivoBook-15-ASUS-Laptop-X507UF:~/Desktop/git/Exercise$ git diff
sparsh@sparsh-VivoBook-15-ASUS-Laptop-X507UF:~/Desktop/git/Exercise$ echo extra_file_1.txt >> .gitignore
sparsh@sparsh-VivoBook-15-ASUS-Laptop-X507UF:~/Desktop/git/Exercise$ git rm --cached extra_file_1.txt 
fatal: pathspec 'extra_file_1.txt' did not match any files
sparsh@sparsh-VivoBook-15-ASUS-Laptop-X507UF:~/Desktop/git/Exercise$ git status
On branch master
Untracked files:
  (use "git add <file>..." to include in what will be committed)
	.gitignore

nothing added to commit but untracked files present (use "git add" to track)
sparsh@sparsh-VivoBook-15-ASUS-Laptop-X507UF:~/Desktop/git/Exercise$ git commit -m 'Start ignoring extra files'
On branch master
Untracked files:
  (use "git add <file>..." to include in what will be committed)
	.gitignore

nothing added to commit but untracked files present (use "git add" to track)
sparsh@sparsh-VivoBook-15-ASUS-Laptop-X507UF:~/Desktop/git/Exercise$ git add .
sparsh@sparsh-VivoBook-15-ASUS-Laptop-X507UF:~/Desktop/git/Exercise$ git commit -m 'Start ignoring extra files'
[master 8253438] Start ignoring extra files
 1 file changed, 1 insertion(+)
 create mode 100644 .gitignore
sparsh@sparsh-VivoBook-15-ASUS-Laptop-X507UF:~/Desktop/git/Exercise$ git status
On branch master
nothing to commit, working tree clean
sparsh@sparsh-VivoBook-15-ASUS-Laptop-X507UF:~/Desktop/git/Exercise$ gedit extra_file_1.txt 
sparsh@sparsh-VivoBook-15-ASUS-Laptop-X507UF:~/Desktop/git/Exercise$ git status
On branch master
nothing to commit, working tree clean
sparsh@sparsh-VivoBook-15-ASUS-Laptop-X507UF:~/Desktop/git/Exercise$ git diff
sparsh@sparsh-VivoBook-15-ASUS-Laptop-X507UF:~/Desktop/git/Exercise$ gedit file2.txt 
sparsh@sparsh-VivoBook-15-ASUS-Laptop-X507UF:~/Desktop/git/Exercise$ git status
On branch master
Changes not staged for commit:
  (use "git add <file>..." to update what will be committed)
  (use "git restore <file>..." to discard changes in working directory)
	modified:   file2.txt

no changes added to commit (use "git add" and/or "git commit -a")
sparsh@sparsh-VivoBook-15-ASUS-Laptop-X507UF:~/Desktop/git/Exercise$ git restore file2.txt
sparsh@sparsh-VivoBook-15-ASUS-Laptop-X507UF:~/Desktop/git/Exercise$ git status
On branch master
nothing to commit, working tree clean
sparsh@sparsh-VivoBook-15-ASUS-Laptop-X507UF:~/Desktop/git/Exercise$ gedit file2.txt 
sparsh@sparsh-VivoBook-15-ASUS-Laptop-X507UF:~/Desktop/git/Exercise$ git status
On branch master
Changes not staged for commit:
  (use "git add <file>..." to update what will be committed)
  (use "git restore <file>..." to discard changes in working directory)
	modified:   file2.txt

no changes added to commit (use "git add" and/or "git commit -a")
sparsh@sparsh-VivoBook-15-ASUS-Laptop-X507UF:~/Desktop/git/Exercise$ git add file2.txt 
sparsh@sparsh-VivoBook-15-ASUS-Laptop-X507UF:~/Desktop/git/Exercise$ git status
On branch master
Changes to be committed:
  (use "git restore --staged <file>..." to unstage)
	modified:   file2.txt

sparsh@sparsh-VivoBook-15-ASUS-Laptop-X507UF:~/Desktop/git/Exercise$ git restore --stagged file2.txt
error: unknown option `stagged'
usage: git restore [<options>] [--source=<branch>] <file>...

    -s, --source <tree-ish>
                          which tree-ish to checkout from
    -S, --staged          restore the index
    -W, --worktree        restore the working tree (default)
    --ignore-unmerged     ignore unmerged entries
    --overlay             use overlay mode
    -q, --quiet           suppress progress reporting
    --recurse-submodules[=<checkout>]
                          control recursive updating of submodules
    --progress            force progress reporting
    -m, --merge           perform a 3-way merge with the new branch
    --conflict <style>    conflict style (merge or diff3)
    -2, --ours            checkout our version for unmerged files
    -3, --theirs          checkout their version for unmerged files
    -p, --patch           select hunks interactively
    --ignore-skip-worktree-bits
                          do not limit pathspecs to sparse entries only
    --pathspec-from-file <file>
                          read pathspec from file
    --pathspec-file-nul   with --pathspec-from-file, pathspec elements are separated with NUL character

sparsh@sparsh-VivoBook-15-ASUS-Laptop-X507UF:~/Desktop/git/Exercise$ git restore --staged file2.txt
sparsh@sparsh-VivoBook-15-ASUS-Laptop-X507UF:~/Desktop/git/Exercise$ git status
On branch master
Changes not staged for commit:
  (use "git add <file>..." to update what will be committed)
  (use "git restore <file>..." to discard changes in working directory)
	modified:   file2.txt

no changes added to commit (use "git add" and/or "git commit -a")
sparsh@sparsh-VivoBook-15-ASUS-Laptop-X507UF:~/Desktop/git/Exercise$ git restore file2.txt
sparsh@sparsh-VivoBook-15-ASUS-Laptop-X507UF:~/Desktop/git/Exercise$ git status
On branch master
nothing to commit, working tree clean
sparsh@sparsh-VivoBook-15-ASUS-Laptop-X507UF:~/Desktop/git/Exercise$ gedit file2.txt 
sparsh@sparsh-VivoBook-15-ASUS-Laptop-X507UF:~/Desktop/git/Exercise$ git status
On branch master
Changes not staged for commit:
  (use "git add <file>..." to update what will be committed)
  (use "git restore <file>..." to discard changes in working directory)
	modified:   file2.txt

no changes added to commit (use "git add" and/or "git commit -a")
sparsh@sparsh-VivoBook-15-ASUS-Laptop-X507UF:~/Desktop/git/Exercise$ git add .
sparsh@sparsh-VivoBook-15-ASUS-Laptop-X507UF:~/Desktop/git/Exercise$ git status
On branch master
Changes to be committed:
  (use "git restore --staged <file>..." to unstage)
	modified:   file2.txt

sparsh@sparsh-VivoBook-15-ASUS-Laptop-X507UF:~/Desktop/git/Exercise$ git commit -m 'Changed file 2'
[master e4e9860] Changed file 2
 1 file changed, 2 insertions(+), 1 deletion(-)
sparsh@sparsh-VivoBook-15-ASUS-Laptop-X507UF:~/Desktop/git/Exercise$ git status
On branch master
nothing to commit, working tree clean
sparsh@sparsh-VivoBook-15-ASUS-Laptop-X507UF:~/Desktop/git/Exercise$ git revert HEAD
[master 88f595f] Revert "Changed file 2"
 1 file changed, 1 insertion(+), 2 deletions(-)
sparsh@sparsh-VivoBook-15-ASUS-Laptop-X507UF:~/Desktop/git/Exercise$ git status
On branch master
nothing to commit, working tree clean
sparsh@sparsh-VivoBook-15-ASUS-Laptop-X507UF:~/Desktop/git/Exercise$ cat file2.txt 
this is my second file
sparsh@sparsh-VivoBook-15-ASUS-Laptop-X507UF:~/Desktop/git/Exercise$ git log --oneline
88f595f (HEAD -> master) Revert "Changed file 2"
e4e9860 Changed file 2
8253438 Start ignoring extra files
3863e32 Changed File 1
cfd9078 Added file 2
caabb24 Added file 1
sparsh@sparsh-VivoBook-15-ASUS-Laptop-X507UF:~/Desktop/git/Exercise$ git log
commit 88f595feedea410b730a9728969aaf1e5602d916 (HEAD -> master)
Author: Sparsh Goyal <2000sparshgoyal@gmail.com>
Date:   Sat Aug 28 18:56:31 2021 +0530

    Revert "Changed file 2"
    
    This reverts commit e4e9860c28c99c5032d80b29bbca92448888b159.

commit e4e9860c28c99c5032d80b29bbca92448888b159
Author: Sparsh Goyal <2000sparshgoyal@gmail.com>
Date:   Sat Aug 28 18:47:40 2021 +0530

    Changed file 2

commit 8253438223c83cb0d9f26ef6cf7d1f1d452fb264
Author: Sparsh Goyal <2000sparshgoyal@gmail.com>
Date:   Sat Aug 28 18:42:53 2021 +0530

    Start ignoring extra files

commit 3863e32935f1e5b10c37068f62cfff996ab5be17
Author: Sparsh Goyal <2000sparshgoyal@gmail.com>
Date:   Sat Aug 28 18:39:04 2021 +0530

    Changed File 1

commit cfd9078f153f4d679139a1f3ed630cd3770e6a5f
Author: Sparsh Goyal <2000sparshgoyal@gmail.com>
Date:   Sat Aug 28 18:37:40 2021 +0530

    Added file 2

commit caabb24c40846e61525401c2951dc20990bb7a47
Author: Sparsh Goyal <2000sparshgoyal@gmail.com>
Date:   Sat Aug 28 18:36:55 2021 +0530

    Added file 1
sparsh@sparsh-VivoBook-15-ASUS-Laptop-X507UF:~/Desktop/git/Exercise$ git branch feature1
sparsh@sparsh-VivoBook-15-ASUS-Laptop-X507UF:~/Desktop/git/Exercise$ git branch feature2
sparsh@sparsh-VivoBook-15-ASUS-Laptop-X507UF:~/Desktop/git/Exercise$ git branch
  feature1
  feature2
* master
sparsh@sparsh-VivoBook-15-ASUS-Laptop-X507UF:~/Desktop/git/Exercise$ git branch -d feature2 
Deleted branch feature2 (was 88f595f).
sparsh@sparsh-VivoBook-15-ASUS-Laptop-X507UF:~/Desktop/git/Exercise$ git branch
  feature1
* master
sparsh@sparsh-VivoBook-15-ASUS-Laptop-X507UF:~/Desktop/git/Exercise$ git checkout feature1 
Switched to branch 'feature1'
sparsh@sparsh-VivoBook-15-ASUS-Laptop-X507UF:~/Desktop/git/Exercise$ gedit file3.txt
sparsh@sparsh-VivoBook-15-ASUS-Laptop-X507UF:~/Desktop/git/Exercise$ git status
On branch feature1
Untracked files:
  (use "git add <file>..." to include in what will be committed)
	file3.txt

nothing added to commit but untracked files present (use "git add" to track)
sparsh@sparsh-VivoBook-15-ASUS-Laptop-X507UF:~/Desktop/git/Exercise$ git add .
sparsh@sparsh-VivoBook-15-ASUS-Laptop-X507UF:~/Desktop/git/Exercise$ gedit file2.txt 
sparsh@sparsh-VivoBook-15-ASUS-Laptop-X507UF:~/Desktop/git/Exercise$ git add .
sparsh@sparsh-VivoBook-15-ASUS-Laptop-X507UF:~/Desktop/git/Exercise$ git status
On branch feature1
Changes to be committed:
  (use "git restore --staged <file>..." to unstage)
	modified:   file2.txt
	new file:   file3.txt

sparsh@sparsh-VivoBook-15-ASUS-Laptop-X507UF:~/Desktop/git/Exercise$ git commit -m 'Added file 3 and Modified File2'
[feature1 3b6d30d] Added file 3 and Modified File2
 2 files changed, 4 insertions(+), 1 deletion(-)
 create mode 100644 file3.txt
sparsh@sparsh-VivoBook-15-ASUS-Laptop-X507UF:~/Desktop/git/Exercise$ git status
On branch feature1
nothing to commit, working tree clean
sparsh@sparsh-VivoBook-15-ASUS-Laptop-X507UF:~/Desktop/git/Exercise$ git switch master 
Switched to branch 'master'
sparsh@sparsh-VivoBook-15-ASUS-Laptop-X507UF:~/Desktop/git/Exercise$ gedit file4.txt
sparsh@sparsh-VivoBook-15-ASUS-Laptop-X507UF:~/Desktop/git/Exercise$ git add .
sparsh@sparsh-VivoBook-15-ASUS-Laptop-X507UF:~/Desktop/git/Exercise$ git commit -m 'Added file 4'
[master cebfde3] Added file 4
 1 file changed, 2 insertions(+)
 create mode 100644 file4.txt
sparsh@sparsh-VivoBook-15-ASUS-Laptop-X507UF:~/Desktop/git/Exercise$ ls
extra_file_1.txt  file1.txt  file2.txt  file4.txt
sparsh@sparsh-VivoBook-15-ASUS-Laptop-X507UF:~/Desktop/git/Exercise$ gedit file2.txt 
sparsh@sparsh-VivoBook-15-ASUS-Laptop-X507UF:~/Desktop/git/Exercise$ git add file2.txt 
sparsh@sparsh-VivoBook-15-ASUS-Laptop-X507UF:~/Desktop/git/Exercise$ git status
On branch master
Changes to be committed:
  (use "git restore --staged <file>..." to unstage)
	modified:   file2.txt

sparsh@sparsh-VivoBook-15-ASUS-Laptop-X507UF:~/Desktop/git/Exercise$ git commit -m 'Modified File 2'
[master c426833] Modified File 2
 1 file changed, 2 insertions(+), 1 deletion(-)
sparsh@sparsh-VivoBook-15-ASUS-Laptop-X507UF:~/Desktop/git/Exercise$ git sta
stage    stash    status   
sparsh@sparsh-VivoBook-15-ASUS-Laptop-X507UF:~/Desktop/git/Exercise$ git status
On branch master
nothing to commit, working tree clean
sparsh@sparsh-VivoBook-15-ASUS-Laptop-X507UF:~/Desktop/git/Exercise$ git merge feature1 
Auto-merging file2.txt
CONFLICT (content): Merge conflict in file2.txt
Automatic merge failed; fix conflicts and then commit the result.
sparsh@sparsh-VivoBook-15-ASUS-Laptop-X507UF:~/Desktop/git/Exercise$ gedit file2.txt 
sparsh@sparsh-VivoBook-15-ASUS-Laptop-X507UF:~/Desktop/git/Exercise$ git status
On branch master
You have unmerged paths.
  (fix conflicts and run "git commit")
  (use "git merge --abort" to abort the merge)

Changes to be committed:
	new file:   file3.txt

Unmerged paths:
  (use "git add <file>..." to mark resolution)
	both modified:   file2.txt

sparsh@sparsh-VivoBook-15-ASUS-Laptop-X507UF:~/Desktop/git/Exercise$ git add .
sparsh@sparsh-VivoBook-15-ASUS-Laptop-X507UF:~/Desktop/git/Exercise$ git commit -m 'Merged feature1 into master'
[master 58da7c6] Merged feature1 into master
sparsh@sparsh-VivoBook-15-ASUS-Laptop-X507UF:~/Desktop/git/Exercise$ git status
On branch master
nothing to commit, working tree clean
sparsh@sparsh-VivoBook-15-ASUS-Laptop-X507UF:~/Desktop/git/Exercise$ git checkout -b feature2
Switched to a new branch 'feature2'
sparsh@sparsh-VivoBook-15-ASUS-Laptop-X507UF:~/Desktop/git/Exercise$ gedit file4.txt 
sparsh@sparsh-VivoBook-15-ASUS-Laptop-X507UF:~/Desktop/git/Exercise$ git status
On branch feature2
Changes not staged for commit:
  (use "git add <file>..." to update what will be committed)
  (use "git restore <file>..." to discard changes in working directory)
	modified:   file4.txt

no changes added to commit (use "git add" and/or "git commit -a")
sparsh@sparsh-VivoBook-15-ASUS-Laptop-X507UF:~/Desktop/git/Exercise$ git add file4.txt 
sparsh@sparsh-VivoBook-15-ASUS-Laptop-X507UF:~/Desktop/git/Exercise$ git commit -m 'Modified file 4'
[feature2 757f495] Modified file 4
 1 file changed, 1 insertion(+)
sparsh@sparsh-VivoBook-15-ASUS-Laptop-X507UF:~/Desktop/git/Exercise$ git switch master 
Switched to branch 'master'
sparsh@sparsh-VivoBook-15-ASUS-Laptop-X507UF:~/Desktop/git/Exercise$ gedit file4.txt 
sparsh@sparsh-VivoBook-15-ASUS-Laptop-X507UF:~/Desktop/git/Exercise$ git add .
sparsh@sparsh-VivoBook-15-ASUS-Laptop-X507UF:~/Desktop/git/Exercise$ git commit -m 'Modified file 4'
[master 3cd769e] Modified file 4
 1 file changed, 1 insertion(+)
sparsh@sparsh-VivoBook-15-ASUS-Laptop-X507UF:~/Desktop/git/Exercise$ git status
On branch master
nothing to commit, working tree clean
sparsh@sparsh-VivoBook-15-ASUS-Laptop-X507UF:~/Desktop/git/Exercise$ git switch feature2 
Switched to branch 'feature2'
sparsh@sparsh-VivoBook-15-ASUS-Laptop-X507UF:~/Desktop/git/Exercise$ git rebase master 
First, rewinding head to replay your work on top of it...
Applying: Modified file 4
Using index info to reconstruct a base tree...
M	file4.txt
Falling back to patching base and 3-way merge...
Auto-merging file4.txt
CONFLICT (content): Merge conflict in file4.txt
error: Failed to merge in the changes.
Patch failed at 0001 Modified file 4
hint: Use 'git am --show-current-patch' to see the failed patch
Resolve all conflicts manually, mark them as resolved with
"git add/rm <conflicted_files>", then run "git rebase --continue".
You can instead skip this commit: run "git rebase --skip".
To abort and get back to the state before "git rebase", run "git rebase --abort".
sparsh@sparsh-VivoBook-15-ASUS-Laptop-X507UF:~/Desktop/git/Exercise$ gedit file4.txt 
sparsh@sparsh-VivoBook-15-ASUS-Laptop-X507UF:~/Desktop/git/Exercise$ git rebase --continue
file4.txt: needs merge
You must edit all merge conflicts and then
mark them as resolved using git add
sparsh@sparsh-VivoBook-15-ASUS-Laptop-X507UF:~/Desktop/git/Exercise$ git add .
sparsh@sparsh-VivoBook-15-ASUS-Laptop-X507UF:~/Desktop/git/Exercise$ git rebase --continue
Applying: Modified file 4
sparsh@sparsh-VivoBook-15-ASUS-Laptop-X507UF:~/Desktop/git/Exercise$ git status
On branch feature2
nothing to commit, working tree clean
sparsh@sparsh-VivoBook-15-ASUS-Laptop-X507UF:~/Desktop/git/Exercise$ git switch master 
Switched to branch 'master'
sparsh@sparsh-VivoBook-15-ASUS-Laptop-X507UF:~/Desktop/git/Exercise$ gedit file5.txt
sparsh@sparsh-VivoBook-15-ASUS-Laptop-X507UF:~/Desktop/git/Exercise$ git status
On branch master
Untracked files:
  (use "git add <file>..." to include in what will be committed)
	file5.txt

nothing added to commit but untracked files present (use "git add" to track)
sparsh@sparsh-VivoBook-15-ASUS-Laptop-X507UF:~/Desktop/git/Exercise$ git stash
No local changes to save
sparsh@sparsh-VivoBook-15-ASUS-Laptop-X507UF:~/Desktop/git/Exercise$ git status
On branch master
Untracked files:
  (use "git add <file>..." to include in what will be committed)
	file5.txt

nothing added to commit but untracked files present (use "git add" to track)
sparsh@sparsh-VivoBook-15-ASUS-Laptop-X507UF:~/Desktop/git/Exercise$ git add .
sparsh@sparsh-VivoBook-15-ASUS-Laptop-X507UF:~/Desktop/git/Exercise$ git status
On branch master
Changes to be committed:
  (use "git restore --staged <file>..." to unstage)
	new file:   file5.txt

sparsh@sparsh-VivoBook-15-ASUS-Laptop-X507UF:~/Desktop/git/Exercise$ git status
On branch master
Changes to be committed:
  (use "git restore --staged <file>..." to unstage)
	new file:   file5.txt

sparsh@sparsh-VivoBook-15-ASUS-Laptop-X507UF:~/Desktop/git/Exercise$ git stash
Saved working directory and index state WIP on master: 3cd769e Modified file 4
sparsh@sparsh-VivoBook-15-ASUS-Laptop-X507UF:~/Desktop/git/Exercise$ git status
On branch master
nothing to commit, working tree clean
sparsh@sparsh-VivoBook-15-ASUS-Laptop-X507UF:~/Desktop/git/Exercise$ gedit file6.txt
sparsh@sparsh-VivoBook-15-ASUS-Laptop-X507UF:~/Desktop/git/Exercise$ git add file6.txt 
sparsh@sparsh-VivoBook-15-ASUS-Laptop-X507UF:~/Desktop/git/Exercise$ git commit -m 'Added file 6'
[master a0c1f76] Added file 6
 1 file changed, 3 insertions(+)
 create mode 100644 file6.txt
sparsh@sparsh-VivoBook-15-ASUS-Laptop-X507UF:~/Desktop/git/Exercise$ git status
On branch master
nothing to commit, working tree clean
sparsh@sparsh-VivoBook-15-ASUS-Laptop-X507UF:~/Desktop/git/Exercise$ git stash pop
On branch master
Changes to be committed:
  (use "git restore --staged <file>..." to unstage)
	new file:   file5.txt

Dropped refs/stash@{0} (71d1c8414fe6b3ed1cc437697782be26b498bdbf)
sparsh@sparsh-VivoBook-15-ASUS-Laptop-X507UF:~/Desktop/git/Exercise$ gedit file5.txt 
sparsh@sparsh-VivoBook-15-ASUS-Laptop-X507UF:~/Desktop/git/Exercise$ git status
On branch master
Changes to be committed:
  (use "git restore --staged <file>..." to unstage)
	new file:   file5.txt

Changes not staged for commit:
  (use "git add <file>..." to update what will be committed)
  (use "git restore <file>..." to discard changes in working directory)
	modified:   file5.txt

sparsh@sparsh-VivoBook-15-ASUS-Laptop-X507UF:~/Desktop/git/Exercise$ git add .
sparsh@sparsh-VivoBook-15-ASUS-Laptop-X507UF:~/Desktop/git/Exercise$ git commit -m 'Added and Modified file 5'
[master ff67652] Added and Modified file 5
 1 file changed, 2 insertions(+)
 create mode 100644 file5.txt
sparsh@sparsh-VivoBook-15-ASUS-Laptop-X507UF:~/Desktop/git/Exercise$ git status
On branch master
nothing to commit, working tree clean
sparsh@sparsh-VivoBook-15-ASUS-Laptop-X507UF:~/Desktop/git/Exercise$ git remote add origin https://github.com/Sparsh-Goyal-2000/Exercise.git
sparsh@sparsh-VivoBook-15-ASUS-Laptop-X507UF:~/Desktop/git/Exercise$ git remote -v
origin	https://github.com/Sparsh-Goyal-2000/Exercise.git (fetch)
origin	https://github.com/Sparsh-Goyal-2000/Exercise.git (push)
sparsh@sparsh-VivoBook-15-ASUS-Laptop-X507UF:~/Desktop/git/Exercise$ git push origin master 
Username for 'https://github.com': ^C
sparsh@sparsh-VivoBook-15-ASUS-Laptop-X507UF:~/Desktop/git/Exercise$ git push origin
fatal: The current branch master has no upstream branch.
To push the current branch and set the remote as upstream, use

    git push --set-upstream origin master

sparsh@sparsh-VivoBook-15-ASUS-Laptop-X507UF:~/Desktop/git/Exercise$ git push origin master 
Username for 'https://github.com': Sparsh-Goyal-2000
Password for 'https://Sparsh-Goyal-2000@github.com': 
Enumerating objects: 38, done.
Counting objects: 100% (38/38), done.
Delta compression using up to 8 threads
Compressing objects: 100% (30/30), done.
Writing objects: 100% (38/38), 3.48 KiB | 892.00 KiB/s, done.
Total 38 (delta 9), reused 0 (delta 0)
remote: Resolving deltas: 100% (9/9), done.
To https://github.com/Sparsh-Goyal-2000/Exercise.git
 * [new branch]      master -> master
sparsh@sparsh-VivoBook-15-ASUS-Laptop-X507UF:~/Desktop/git/Exercise$ git push origin feature1
Username for 'https://github.com': Sparsh-Goyal-2000
Password for 'https://Sparsh-Goyal-2000@github.com': 
Total 0 (delta 0), reused 0 (delta 0)
remote: 
remote: Create a pull request for 'feature1' on GitHub by visiting:
remote:      https://github.com/Sparsh-Goyal-2000/Exercise/pull/new/feature1
remote: 
To https://github.com/Sparsh-Goyal-2000/Exercise.git
 * [new branch]      feature1 -> feature1
sparsh@sparsh-VivoBook-15-ASUS-Laptop-X507UF:~/Desktop/git/Exercise$ git push origin feature2 
Username for 'https://github.com': Sparsh-Goyal-2000
Password for 'https://Sparsh-Goyal-2000@github.com': 
Enumerating objects: 5, done.
Counting objects: 100% (5/5), done.
Delta compression using up to 8 threads
Compressing objects: 100% (3/3), done.
Writing objects: 100% (3/3), 317 bytes | 317.00 KiB/s, done.
Total 3 (delta 2), reused 0 (delta 0)
remote: Resolving deltas: 100% (2/2), completed with 2 local objects.
remote: 
remote: Create a pull request for 'feature2' on GitHub by visiting:
remote:      https://github.com/Sparsh-Goyal-2000/Exercise/pull/new/feature2
remote: 
To https://github.com/Sparsh-Goyal-2000/Exercise.git
 * [new branch]      feature2 -> feature2
sparsh@sparsh-VivoBook-15-ASUS-Laptop-X507UF:~/Desktop/git/Exercise$ git branch
  feature1
  feature2
* master
sparsh@sparsh-VivoBook-15-ASUS-Laptop-X507UF:~/Desktop/git/Exercise$ 

